current directory: /home/vboxuser/confectionery_shop/test/ruby/3.2.0/gems/bindex-0.8.1/ext/skiptrace
/usr/bin/ruby3.2 -I/usr/lib/ruby/vendor_ruby extconf.rb
creating Makefile

current directory: /home/vboxuser/confectionery_shop/test/ruby/3.2.0/gems/bindex-0.8.1/ext/skiptrace
make DESTDIR\= sitearchdir\=./.gem.20241128-12862-ra7klc sitelibdir\=./.gem.20241128-12862-ra7klc clean

current directory: /home/vboxuser/confectionery_shop/test/ruby/3.2.0/gems/bindex-0.8.1/ext/skiptrace
make DESTDIR\= sitearchdir\=./.gem.20241128-12862-ra7klc sitelibdir\=./.gem.20241128-12862-ra7klc
compiling cruby.c
linking shared-object skiptrace/internal/cruby.so

current directory: /home/vboxuser/confectionery_shop/test/ruby/3.2.0/gems/bindex-0.8.1/ext/skiptrace
make DESTDIR\= sitearchdir\=./.gem.20241128-12862-ra7klc sitelibdir\=./.gem.20241128-12862-ra7klc install
/usr/bin/install -c -m 0755 cruby.so ./.gem.20241128-12862-ra7klc/skiptrace/internal

current directory: /home/vboxuser/confectionery_shop/test/ruby/3.2.0/gems/bindex-0.8.1/ext/skiptrace
make DESTDIR\= sitearchdir\=./.gem.20241128-12862-ra7klc sitelibdir\=./.gem.20241128-12862-ra7klc clean
