current directory: /home/vboxuser/confectionery_shop/test/ruby/3.2.0/gems/websocket-driver-0.7.6/ext/websocket-driver
/usr/bin/ruby3.2 -I/usr/lib/ruby/vendor_ruby extconf.rb
creating Makefile

current directory: /home/vboxuser/confectionery_shop/test/ruby/3.2.0/gems/websocket-driver-0.7.6/ext/websocket-driver
make DESTDIR\= sitearchdir\=./.gem.20241128-12862-6l1pjh sitelibdir\=./.gem.20241128-12862-6l1pjh clean

current directory: /home/vboxuser/confectionery_shop/test/ruby/3.2.0/gems/websocket-driver-0.7.6/ext/websocket-driver
make DESTDIR\= sitearchdir\=./.gem.20241128-12862-6l1pjh sitelibdir\=./.gem.20241128-12862-6l1pjh
compiling websocket_mask.c
linking shared-object websocket_mask.so

current directory: /home/vboxuser/confectionery_shop/test/ruby/3.2.0/gems/websocket-driver-0.7.6/ext/websocket-driver
make DESTDIR\= sitearchdir\=./.gem.20241128-12862-6l1pjh sitelibdir\=./.gem.20241128-12862-6l1pjh install
/usr/bin/install -c -m 0755 websocket_mask.so ./.gem.20241128-12862-6l1pjh

current directory: /home/vboxuser/confectionery_shop/test/ruby/3.2.0/gems/websocket-driver-0.7.6/ext/websocket-driver
make DESTDIR\= sitearchdir\=./.gem.20241128-12862-6l1pjh sitelibdir\=./.gem.20241128-12862-6l1pjh clean
