current directory: /home/vboxuser/confectionery_shop/test/ruby/3.2.0/gems/stringio-3.1.2/ext/stringio
/usr/bin/ruby3.2 -I/usr/lib/ruby/vendor_ruby extconf.rb
creating Makefile

current directory: /home/vboxuser/confectionery_shop/test/ruby/3.2.0/gems/stringio-3.1.2/ext/stringio
make DESTDIR\= sitearchdir\=./.gem.20241128-12862-5x7qu3 sitelibdir\=./.gem.20241128-12862-5x7qu3 clean

current directory: /home/vboxuser/confectionery_shop/test/ruby/3.2.0/gems/stringio-3.1.2/ext/stringio
make DESTDIR\= sitearchdir\=./.gem.20241128-12862-5x7qu3 sitelibdir\=./.gem.20241128-12862-5x7qu3
compiling stringio.c
linking shared-object stringio.so

current directory: /home/vboxuser/confectionery_shop/test/ruby/3.2.0/gems/stringio-3.1.2/ext/stringio
make DESTDIR\= sitearchdir\=./.gem.20241128-12862-5x7qu3 sitelibdir\=./.gem.20241128-12862-5x7qu3 install
/usr/bin/install -c -m 0755 stringio.so ./.gem.20241128-12862-5x7qu3

current directory: /home/vboxuser/confectionery_shop/test/ruby/3.2.0/gems/stringio-3.1.2/ext/stringio
make DESTDIR\= sitearchdir\=./.gem.20241128-12862-5x7qu3 sitelibdir\=./.gem.20241128-12862-5x7qu3 clean
