current directory: /home/vboxuser/confectionery_shop/test/ruby/3.2.0/gems/json-2.8.2/ext/json/ext/parser
/usr/bin/ruby3.2 -I/usr/lib/ruby/vendor_ruby extconf.rb
checking for rb_enc_interned_str() in ruby.h... yes
checking for rb_hash_new_capa() in ruby.h... yes
checking for rb_gc_mark_locations() in ruby.h... yes
checking for rb_hash_bulk_insert() in ruby.h... yes
checking for rb_category_warn() in ruby.h... yes
checking for whether -std=c99 is accepted as CFLAGS... yes
creating Makefile

current directory: /home/vboxuser/confectionery_shop/test/ruby/3.2.0/gems/json-2.8.2/ext/json/ext/parser
make DESTDIR\= sitearchdir\=./.gem.20241128-12862-migbzz sitelibdir\=./.gem.20241128-12862-migbzz clean

current directory: /home/vboxuser/confectionery_shop/test/ruby/3.2.0/gems/json-2.8.2/ext/json/ext/parser
make DESTDIR\= sitearchdir\=./.gem.20241128-12862-migbzz sitelibdir\=./.gem.20241128-12862-migbzz
compiling parser.c
linking shared-object json/ext/parser.so

current directory: /home/vboxuser/confectionery_shop/test/ruby/3.2.0/gems/json-2.8.2/ext/json/ext/parser
make DESTDIR\= sitearchdir\=./.gem.20241128-12862-migbzz sitelibdir\=./.gem.20241128-12862-migbzz install
/usr/bin/install -c -m 0755 parser.so ./.gem.20241128-12862-migbzz/json/ext

current directory: /home/vboxuser/confectionery_shop/test/ruby/3.2.0/gems/json-2.8.2/ext/json/ext/parser
make DESTDIR\= sitearchdir\=./.gem.20241128-12862-migbzz sitelibdir\=./.gem.20241128-12862-migbzz clean
