current directory: /home/vboxuser/confectionery_shop/test/ruby/3.2.0/gems/debug-1.9.2/ext/debug
/usr/bin/ruby3.2 -I/usr/lib/ruby/vendor_ruby extconf.rb
creating Makefile

current directory: /home/vboxuser/confectionery_shop/test/ruby/3.2.0/gems/debug-1.9.2/ext/debug
make DESTDIR\= sitearchdir\=./.gem.20241128-12862-4y4rhp sitelibdir\=./.gem.20241128-12862-4y4rhp clean

current directory: /home/vboxuser/confectionery_shop/test/ruby/3.2.0/gems/debug-1.9.2/ext/debug
make DESTDIR\= sitearchdir\=./.gem.20241128-12862-4y4rhp sitelibdir\=./.gem.20241128-12862-4y4rhp
compiling debug.c
compiling iseq_collector.c
linking shared-object debug/debug.so

current directory: /home/vboxuser/confectionery_shop/test/ruby/3.2.0/gems/debug-1.9.2/ext/debug
make DESTDIR\= sitearchdir\=./.gem.20241128-12862-4y4rhp sitelibdir\=./.gem.20241128-12862-4y4rhp install
/usr/bin/install -c -m 0755 debug.so ./.gem.20241128-12862-4y4rhp/debug

current directory: /home/vboxuser/confectionery_shop/test/ruby/3.2.0/gems/debug-1.9.2/ext/debug
make DESTDIR\= sitearchdir\=./.gem.20241128-12862-4y4rhp sitelibdir\=./.gem.20241128-12862-4y4rhp clean
